// Jest Snapshot v1, https://goo.gl/fbAQLP

exports[`should render Header correctly 1`] = `
<header>
  <h1>
    Expensify App
  </h1>
  <ul>
    <li>
      <NavLink
        activeClassName="is-active"
        exact={true}
        to="/"
      >
        Home
      </NavLink>
    </li>
    <li>
      <NavLink
        activeClassName="is-active"
        to="/create"
      >
        Add expense
      </NavLink>
    </li>
    <li>
      <NavLink
        activeClassName="is-active"
        to="/edit"
      >
        Edit expense
      </NavLink>
    </li>
    <li>
      <NavLink
        activeClassName="is-active"
        to="/help"
      >
        Help
      </NavLink>
    </li>
  </ul>
</header>
`;
